########## actor_in ##########
../compiler/alan actor_in
########## /bin/sh  actor_in.tst ##########


actor_in.alan

   18.        Locate Hero In cont.
=====>        1

  *1*   402 E : An Actor can't be inside a Container.


        1 error(s).
        No detected warnings.
        6 informational message(s).

