########## default_strings ##########
../compiler/alan default_strings
../interpreter/arun -n default_strings < default_strings.input
########## /bin/sh  default_strings.tst ##########

        No warnings or errors detected.
        6 informational message(s).

lstr lstr Hej hopp i lingonskogen.


L3

> 

Do you want to RESTART, RESTORE or QUIT ? 
