########## describe ##########
../compiler/alan describe
../interpreter/arun -n describe < describe.input
########## /bin/sh  describe.tst ##########

        No warnings or errors detected.
        3 informational message(s).


'd' for describe, 'l' for look.


Grand Location
You are at a Grand Location. There is a o here.

> d
You are at a Grand Location.

> l
Grand Location
You are at a Grand Location. There is a o here.

> 

Do you want to RESTART, RESTORE or QUIT ? 
