########## jukka ##########
../compiler/alan jukka
########## /bin/sh  jukka.tst ##########


jukka.alan

   66.  	NAME 'A mirror image of the world."
=====>  	     1

  *1*   152 E : Unterminated quoted identifier.


        1 error(s).
        No detected warnings.
        10 informational message(s).

