########## locverbchk ##########
../compiler/alan locverbchk
../interpreter/arun -n locverbchk < locverbchk.input
########## /bin/sh  locverbchk.tst ##########

        No warnings or errors detected.
        2 informational message(s).



Somewhere

> jump
You can't do that here.

> 

Do you want to RESTART, RESTORE or QUIT ? 
