########## remote ##########
../compiler/alan remote
../interpreter/arun -n remote < remote.input
########## /bin/sh  remote.tst ##########

        No warnings or errors detected.
        7 informational message(s).


Try 'x r' and 'x p' for present and remote object.


Present
There is a p here.

> x r
I can't see any r here.

> x p
x p

> y r
y r

> y p
y p

> 

Do you want to RESTART, RESTORE or QUIT ? 
