########## string ##########
../compiler/alan string
../interpreter/arun -n string < string.input
########## /bin/sh  string.tst ##########

        No warnings or errors detected.
        2 informational message(s).

1 45 Hello! "Debug"!


String's Lair
quit!

Do you want to RESTART, RESTORE or QUIT ? 
