########## syntax2 ##########
../compiler/alan syntax2
../interpreter/arun -n syntax2 < syntax2.input
########## /bin/sh  syntax2.tst ##########

        No warnings or errors detected.
        3 informational message(s).



L
There is a o here. A is here.

> take a
You can only take objects !

> take o
Taken.

> 

Do you want to RESTART, RESTORE or QUIT ? 
