########## actorInContainer ##########


actorInContainer.alan

    1.  The a Isa actor In c
=====>                  1

  *1*   402 E : An Actor can not be inside a Container.

   12.    Locate a In c.
=====>           1

  *1*   402 E : An Actor can not be inside a Container.


        2 error(s).
        No detected warnings.
        1 informational message(s).

