########## addEverything ##########


addEverything.alan

    3.    Name 'name'.
=====>         1

  *1*   341 E : Can not Add Name to classes. (yet)

    7.    Pronoun 'pronoun'
=====>    1

  *1*   341 E : Can not Add Pronoun to classes. (yet)

    8.    Mentioned "mentioned"
=====>    1

  *1*   341 E : Can not Add mentioned to classes. (yet)

    9.    Initialize "initialize"
=====>    1

  *1*   341 E : Can not Add Initialize to classes. (yet)

   16.    Entered "entered"
=====>    1

  *1*   341 E : Can not Add Entered clause to classes. (yet)


        5 error(s).
        No detected warnings.
        2 informational message(s).

