########## addAll ##########


addAll.alan

    2.    Isa thing.
=====>        1

  *1*   341 E : Can not Add heritage to classes. 

    4.    Name x.
=====>         1

  *1*   341 E : Can not Add Name to classes. (yet)

    5.    Pronoun it.
=====>    1

  *1*   341 E : Can not Add Pronoun to classes. (yet)

    7.    Initialize "initialize"
=====>    1

  *1*   341 E : Can not Add Initialize to classes. (yet)

   10.    Entered "entered"
=====>    1

  *1*   341 E : Can not Add Entered clause to classes. (yet)
  *1*   336 E : You can not Add Entered clause to something not inheriting from
                the predefined class 'location'.

   13.    Mentioned "mentioned"
=====>    1

  *1*   341 E : Can not Add mentioned to classes. (yet)


        7 error(s).
        No detected warnings.
        2 informational message(s).

