########## alan addto ##########


addto.alan

    2.    Isa thing.
=====>        1

  *1*   341 E : Can not ADD heritage TO classes. 

    3.    At l.
=====>    1

  *1*   341 E : Can not ADD initial location TO classes. (yet)

    6.    Description "some description."
=====>    1

  *1*   341 E : Can not ADD description TO classes. (yet)

    7.    Article "the"
=====>    1

  *1*   341 E : Can not ADD article TO classes. (yet)

    8.    Mentioned "mentioned"
=====>    1

  *1*   341 E : Can not ADD mentioned TO classes. (yet)

    9.    Container
=====>    1

  *1*   341 E : Can not ADD container TO classes. (yet)

   10.    Verb x Does "x" End Verb x.
=====>    1

  *1*   341 E : Can not ADD verbs TO classes. (yet)

   11.    Script s. Step "hello"
=====>    1

  *1*   341 E : Can not ADD scripts TO classes. (yet)

   12.    Exit e To l.
=====>    1

  *1*   341 E : Can not ADD exits TO classes. (yet)


        9 error(s).
        No detected warnings.
        1 informational message(s).

