########## addAll ##########


addAll.alan

    5.    Isa thing.
=====>        1

  *1*   341 E : Can not Add heritage to classes. 

   15.    Mentioned "mentioned"
=====>    1

  *1*   341 E : Can not Add mentioned to classes. (yet)


        2 error(s).
        No detected warnings.
        2 informational message(s).

