########## alan aggregate ##########


aggregate.alan

    5.    If Count = 9 Then "" End If.
=====>             1

  *1*   101 E : Syntax error. Attempting to repair by inserting "'HERE'" here.

    7.    If Count Is x Then "" End If.
=====>             1

  *1*   101 E : Syntax error. Attempting to repair by inserting "'HERE'" here.
  *1*   420 E : Invalid What-specification in attribute reference.

    8.    If Count Isa object = 12 Then "" End If.
=====>             1          2

  *1*   101 E : Syntax error. Attempting to repair by inserting "'HERE'" here.
  *1*   998 W : Feature not implemented in Analyzer.
  *2*   331 E : Incompatible types in expression.


        5 error(s).
        1 warning(s).
        1 informational message(s).

