########## alan attributeOfStringParameter ##########


attributeOfStringParameter.alan

    6.      "You s" Say x Of s.
=====>                  1

  *1*   406 E : Integer and String parameters have no attributes.


        1 error(s).
        No detected warnings.
        1 informational message(s).

