########## block_comment_with_crlf ##########


block_comment_with_crlf.alan

    7.  sadf -- error here
=====>  1

  *1*   101 E : Syntax error. Inserting "at" before this token.
  *1*   310 E : Identifier 'sadf' not defined.

   15.  //// Unterminated...
=====>  1

  *1*   155 E : Unterminated block comment. Must end with a line consisting of
                at least four slashes and nothing but slashes.


        3 error(s).
        No detected warnings.
        1 informational message(s).

