########## every2 ##########
Every x Isa unknown
End Every x.

Start At l.
########## alan every2.alan ##########


every2.alan

    1.  Every x Isa unknown
=====>              1

  *1*   310 E : Identifier 'unknown' not defined.

    4.  Start At l.
=====>           1

  *1*   310 E : Identifier 'l' not defined.
  *1*   351 E : Must refer to an instance inheriting from 'location'.


        3 error(s).
        No detected warnings.
        1 informational message(s).

