########## every5 ##########
Every x
End Every x.

The y Isa x
End The y.

Start At l.
########## alan every5.alan ##########


every5.alan

    7.  Start At l.
=====>           1

  *1*   310 E : Identifier 'l' not defined.


        1 error(s).
        No detected warnings.
        1 informational message(s).

