########## every3 ##########
Every x Isa Object
  Has
    boolAtr.
    intAtr 4.  
End Every x.

Start At l.
########## alan every3.alan ##########


every3.alan

    7.  Start At l.
=====>           1

  *1*   310 E : Identifier 'l' not defined.
  *1*   351 E : Must refer to an instance inheriting from 'location'.


        2 error(s).
        No detected warnings.
        1 informational message(s).

