########## exits ##########
The l
  IsA location.
  Exit w To unknown.
  Exit e To l.
  Exit s To o.
End The l.

The o
  Isa object.
End The o.

Start At l.
########## alan exits.alan ##########


exits.alan

    3.    Exit w To unknown.
=====>              1

  *1*   351 E : Must refer to an instance inheriting from 'location'.

    4.    Exit e To l.
=====>              1

  *1*   351 E : Must refer to an instance inheriting from 'location'.

    5.    Exit s To o.
=====>              1

  *1*   351 E : Must refer to an instance inheriting from 'location'.


        3 error(s).
        No detected warnings.
        1 informational message(s).

