########## expressionAsWhatInLocate ##########


expressionAsWhatInLocate.alan

    2.    Has ref1 ref1.
=====>             1

  *1*   310 E : Identifier 'ref1' not defined.

    8.    Locate ref2 Of l Here.
=====>                1

  *1*   405 E : Instances inheriting from Location can not be used in Locate
                statement.


        2 error(s).
        No detected warnings.
        1 informational message(s).

