########## inheritVerb0 ##########


inheritVerb0.alan

    4.      Does Say c.
=====>               1

  *1*   310 E : Identifier 'c' not defined.

    8.  Start At l.
=====>           1

  *1*   310 E : Identifier 'l' not defined.
  *1*   351 E : START statement must refer to an instance inheriting from
                'location'.


        3 error(s).
        No detected warnings.
        2 informational message(s).

