########## initialLocation0 ##########


initialLocation0.alan

    7.    At unknown.
=====>       1

  *1*   310 E : Identifier 'unknown' not defined.
  *1*   351 E : Initial location using AT must refer to an instance inheriting
                from 'location'.


        2 error(s).
        No detected warnings.
        1 informational message(s).

