########## initialLocation0 ##########
The l
  Isa Location.
End The l.

The o
  Isa object.
  At unknown.
End The o.

Start At l.
########## alan initialLocation0.alan ##########


initialLocation0.alan

    7.    At unknown.
=====>       1

  *1*   310 E : Identifier 'unknown' not defined.


        1 error(s).
        No detected warnings.
        1 informational message(s).

