########## initialLocationAtClass ##########


initialLocationAtClass.alan

    1.  The x Isa thing At location
=====>                     1

  *1*   319 E : Identifier 'location' is not of correct type for this context.
  *1*   351 E : Initial location using AT must refer to an instance inheriting
                from 'location'.


        2 error(s).
        No detected warnings.
        1 informational message(s).

