########## locateActorInContainer ##########


locateActorInContainer.alan

    7.        Locate i In c.
=====>               1 2

  *1*   437 W : Locating an Actor in a container is not fully supported and
                might have strange side-effects.
  *2*   404 E : Container is restricted to only contain instances of 'object'
                and its subclasses.


        1 error(s).
        1 warning(s).
        1 informational message(s).

