########## alan locate0 ##########


locate0.alan

    5.    Locate Current Actor At l.
=====>           1

  *1*   412 E : Current Actor is not defined in Events.

    9.    Locate unknown At l.
=====>           1

  *1*   310 E : Identifier 'unknown' not defined.

   10.    Locate l At l.
=====>           1

  *1*   405 E : Instances inheriting from Location can not be used in Locate
                statement.

   11.    Locate Current Location At l.
=====>           1

  *1*   405 E : Instances inheriting from Location can not be used in Locate
                statement.

   13.    Locate This At l.
=====>           1

  *1*   421 E : THIS instance is not defined in this context.

   14.    Locate actor At l.
=====>           1

  *1*   319 E : Identifier 'actor' is not an instance.


        6 error(s).
        No detected warnings.
        1 informational message(s).

