########## restriction1 ##########
Syntax x = x (y)
  Where y Isa Object
    Else "Should be an object."

Verb x
End Verb x.

Location l
End Location l.

Start At l.
########## alan restriction1.alan ##########


        997 S : SYSTEM ERROR: Unexpected switch on SYMBOLKIND in newsym()


        1 error(s).
        No detected warnings.

