########## alan saviourV2_x ##########


saviourV2_x.alan

   29.  OBJECT ATTRIBUTES
=====>  1      2

  *1*   601 W : Unknown option, 'object'.
  *2*   103 E : 'ATTRIBUTES' 'NOT' Identifier '.' 'NOT' ... replaced by '.'.

   42.      u = up.
=====>          1

  *1*   321 W : Synonym target word 'up' not defined.

   43.      d = down.
=====>          1

  *1*   321 W : Synonym target word 'down' not defined.

   46.  CONTAINER pseudowords
=====>  1

  *1*   102 E : 'CONTAINER' Identifier 'END' 'CONTAINER' '.' deleted.

   50.      CHECK OBJECT IN hero
=====>                      1

  *1*   318 E : The 'hero' does not have the container property.

   77.      CHECK OBJECT IS examinable
=====>                      1

  *1*   316 E : Attribute 'examinable' is not defined for parameter 'object'
                since its class ('object') does not have it.

   83.      CHECK OBJECT IS readable
=====>                      1

  *1*   316 E : Attribute 'readable' is not defined for parameter 'object'
                since its class ('object') does not have it.

   89.      CHECK OBJECT IS openable
=====>                      1

  *1*   316 E : Attribute 'openable' is not defined for parameter 'object'
                since its class ('object') does not have it.

   99.      CHECK o IS openable
=====>                 1

  *1*   316 E : Attribute 'openable' is not defined for parameter 'o' since its
                class ('object') does not have it.

  106.  	OBJECT IS openable
=====>  	          1

  *1*   316 E : Attribute 'openable' is not defined for parameter 'object'
                since its class ('object') does not have it.

  114.  	WHERE o ISA ACTOR OR OBJECT
=====>  	                  1

  *1*   102 E : 'OR' Identifier deleted.

  118.      CHECK o NOT IN hero
=====>                     1

  *1*   318 E : The 'hero' does not have the container property.

  141.      CHECK OBJECT IS startable
=====>                      1

  *1*   316 E : Attribute 'startable' is not defined for parameter 'object'
                since its class ('object') does not have it.

  179.  	LIST hero.
=====>  	     1

  *1*   318 E : The 'hero' does not have the container property.

  209.      CHECK OBJECT NOT IN hero
=====>            1             2

  *1*   319 E : Identifier 'object' is not an instance.
  *2*   318 E : The 'hero' does not have the container property.

  212.      AND OBJECT IS takeable
=====>          1

  *1*   319 E : Identifier 'object' is not an instance.

  216.          LOCATE OBJECT IN hero.
=====>                 1         2

  *1*   319 E : Identifier 'object' is not an instance.
  *2*   318 E : The 'hero' does not have the container property.

  225.      CHECK terminal HERE
=====>            1

  *1*   310 E : Identifier 'terminal' not defined.

  227.      AND terminal IS connected
=====>          1

  *1*   310 E : Identifier 'terminal' not defined.

  230.      AND computer IS running
=====>          1

  *1*   310 E : Identifier 'computer' not defined.

  233.  	IF terminal IS showing_msg1 THEN
=====>  	   1

  *1*   310 E : Identifier 'terminal' not defined.

  234.  	    IF str = password OF manual THEN
=====>  	                         1

  *1*   310 E : Identifier 'manual' not defined.

  235.  		"'Welcome" SAY password of manual. "$$!$pEnter command:'"
=====>  		                           1

  *1*   310 E : Identifier 'manual' not defined.

  236.  		MAKE terminal NOT showing_msg1.
=====>  		     1

  *1*   310 E : Identifier 'terminal' not defined.

  237.  		MAKE terminal showing_msg2.
=====>  		     1

  *1*   310 E : Identifier 'terminal' not defined.

  240.  		SET pwtry OF manual TO str.
=====>  		             1

  *1*   310 E : Identifier 'manual' not defined.

  242.  	ELSIF terminal IS showing_msg2 THEN
=====>  	      1

  *1*   310 E : Identifier 'terminal' not defined.

  244.  		IF tape IS NOT mounted THEN "'ERROR: No tape mounted.'"
=====>  		   1

  *1*   310 E : Identifier 'tape' not defined.

  250.  		    MAKE tape copied.
=====>  		         1

  *1*   310 E : Identifier 'tape' not defined.

  263.  		MAKE computer NOT running.
=====>  		     1

  *1*   310 E : Identifier 'computer' not defined.

  264.  		MAKE computer popped.
=====>  		     1

  *1*   310 E : Identifier 'computer' not defined.

  265.  		MAKE terminal NOT showing_msg1.
=====>  		     1

  *1*   310 E : Identifier 'terminal' not defined.

  266.  		MAKE terminal NOT showing_msg2.
=====>  		     1

  *1*   310 E : Identifier 'terminal' not defined.

  274.  LOCATION nowhere
=====>  1

  *1*   102 E : Identifier Identifier 'END' Identifier '.' ... deleted.

  279.  LOCATION outside NAME Outside the tall building
=====>                                    1    2

  *1*   352 E : Instance 'tall' does not inherit from 'location', but has EXITs
                , which can never be traversed.
  *2*   101 E : 'IN' inserted.
  *2*   310 E : Identifier 'building' not defined.
  *2*   310 E : Identifier 'building' not defined.

  286.      EXIT north TO hall
=====>                    1

  *1*   310 E : Identifier 'hall' not defined.
  *1*   351 E : Must refer to an instance inheriting from 'location'.

  290.  END LOCATION.
=====>      1

  *1*   104 E : Severe syntax error, construct ignored.

  295.      DESCRIPTION
=====>      1

  *1*   204 E : Multiple use of DESCRIPTION clause in this class/instance.

  301.      EXIT east TO cafe
=====>                   1

  *1*   310 E : Identifier 'cafe' not defined.
  *1*   351 E : Must refer to an instance inheriting from 'location'.

  302.          CHECK door IS NOT closed
=====>                1

  *1*   310 E : Identifier 'door' not defined.

  305.      EXIT west TO stairs.
=====>                   1

  *1*   310 E : Identifier 'stairs' not defined.
  *1*   351 E : Must refer to an instance inheriting from 'location'.

  306.      EXIT south TO outside
=====>                    1

  *1*   310 E : Identifier 'outside' not defined.
  *1*   351 E : Must refer to an instance inheriting from 'location'.

  312.  	    IF tape IS copied THEN
=====>  	       1

  *1*   310 E : Identifier 'tape' not defined.

  313.  		IF tape IN hero THEN
=====>  		   1       2

  *1*   310 E : Identifier 'tape' not defined.
  *2*   318 E : The 'hero' does not have the container property.

  325.  END LOCATION.
=====>      1

  *1*   103 E : Identifier '.' Identifier Identifier replaced by 'THE' 'START'.

  328.      IS
=====>      1

  *1*   103 E : 'IS' Identifier '.' Identifier '.' ... replaced by '.'.

  342.      VERB examine DOES
=====>      1    2

  *1*   104 E : Severe syntax error, construct ignored.
  *2*   220 W : Multiple definition of 'examine'.

  348.      VERB open DOES
=====>           1

  *1*   220 W : Multiple definition of 'open'.

  349.          IF door IS NOT closed THEN
=====>             1

  *1*   310 E : Identifier 'door' not defined.

  351.          ELSIF door IS locked THEN
=====>                1

  *1*   310 E : Identifier 'door' not defined.

  356.              MAKE door NOT closed.
=====>                   1

  *1*   310 E : Identifier 'door' not defined.

  362.          IF door IS closed THEN
=====>             1

  *1*   310 E : Identifier 'door' not defined.

  365.              MAKE door closed.
=====>                   1

  *1*   310 E : Identifier 'door' not defined.

  370.      VERB read DOES
=====>           1

  *1*   220 W : Multiple definition of 'read'.

  375.      VERB unlock_with
=====>           1

  *1*   220 W : Multiple definition of 'unlock_with'.

  376.          WHEN o DOES
=====>          1

  *1*   213 E : Verb alternatives not allowed here.

  377.              IF door IS NOT closed THEN
=====>                 1

  *1*   310 E : Identifier 'door' not defined.

  379.              ELSIF door IS NOT locked THEN
=====>                    1

  *1*   310 E : Identifier 'door' not defined.

  381.              ELSIF k = keys THEN
=====>                        1

  *1*   310 E : Identifier 'keys' not defined.

  382.  		IF keys NOT IN hero THEN
=====>  		   1           2

  *1*   310 E : Identifier 'keys' not defined.
  *2*   318 E : The 'hero' does not have the container property.

  386.                      MAKE door NOT locked.
=====>                           1

  *1*   310 E : Identifier 'door' not defined.

  393.      VERB lock
=====>           1

  *1*   220 W : Multiple definition of 'lock'.

  395.          IF door IS NOT closed THEN
=====>             1

  *1*   310 E : Identifier 'door' not defined.

  397.          ELSIF door IS locked THEN
=====>                1

  *1*   310 E : Identifier 'door' not defined.

  399.          ELSIF keys NOT IN hero THEN
=====>                1           2

  *1*   310 E : Identifier 'keys' not defined.
  *2*   318 E : The 'hero' does not have the container property.

  403.              MAKE door locked.
=====>                   1

  *1*   310 E : Identifier 'door' not defined.

  406.  END OBJECT.
=====>  1

  *1*   103 E : 'END' Identifier '.' Identifier Identifier ... replaced by
                'START' 'HERE' '.'.

  417.      EXIT up TO first.
=====>      1

  *1*   102 E : 'EXIT' Identifier 'TO' Identifier '.' ... deleted.

  429.      EXIT up TO stairs.
=====>      1

  *1*   102 E : 'EXIT' Identifier 'TO' Identifier '.' ... deleted.

  436.          DOES
=====>          1

  *1*   102 E : 'DOES' deleted.

  439.      END EXIT.
=====>      1

  *1*   102 E : 'END' 'EXIT' '.' 'END' Identifier ... deleted.

  452.      VERB examine DOES
=====>      1    2

  *1*   104 E : Severe syntax error, construct ignored.
  *2*   220 W : Multiple definition of 'examine'.
  *2*   220 W : Multiple definition of 'examine'.

  453.          IF rats ARE hungry THEN
=====>             1

  *1*   310 E : Identifier 'rats' not defined.

  459.              MAKE rats hungry.
=====>                   1

  *1*   310 E : Identifier 'rats' not defined.

  464.          IF rats ARE hungry THEN
=====>             1

  *1*   310 E : Identifier 'rats' not defined.

  469.              MAKE rats hungry.
=====>                   1

  *1*   310 E : Identifier 'rats' not defined.

  472.  END OBJECT.
=====>  1

  *1*   103 E : 'END' Identifier '.' Identifier Identifier ... replaced by
                'START' 'HERE' '.'.

  487.      EXIT east TO cellar.
=====>      1

  *1*   102 E : 'EXIT' Identifier 'TO' Identifier '.' ... deleted.

  506.      MENTIONED
=====>      1

  *1*   102 E : 'MENTIONED' deleted.

  509.      VERB mount DOES
=====>      1

  *1*   104 E : Severe syntax error, construct ignored.

  510.          IF tape IS mounted THEN
=====>             1

  *1*   310 E : Identifier 'tape' not defined.

  512.          ELSIF computer HERE THEN
=====>                1

  *1*   310 E : Identifier 'computer' not defined.

  514.              MAKE tape mounted.
=====>                   1

  *1*   310 E : Identifier 'tape' not defined.

  515.              LOCATE tape HERE.
=====>                     1

  *1*   310 E : Identifier 'tape' not defined.

  520.  END OBJECT.
=====>  1

  *1*   103 E : 'END' Identifier '.' Identifier Identifier ... replaced by
                'START' 'HERE' '.'.

  531.      EXIT up TO second.
=====>      1

  *1*   102 E : 'EXIT' Identifier 'TO' Identifier '.' ... deleted.

  545.      VERB examine DOES
=====>      1    2

  *1*   104 E : Severe syntax error, construct ignored.
  *2*   220 W : Multiple definition of 'examine'.
  *2*   220 W : Multiple definition of 'examine'.
  *2*   220 W : Multiple definition of 'examine'.

  552.      VERB read DOES
=====>           1

  *1*   220 W : Multiple definition of 'read'.
  *1*   220 W : Multiple definition of 'read'.

  555.          LOCATE book AT NOWHERE.
=====>                 1

  *1*   310 E : Identifier 'book' not defined.

  557.  END OBJECT.
=====>  1

  *1*   103 E : 'END' Identifier '.' Identifier Identifier ... replaced by
                'START' 'HERE' '.'.

  570.      EXIT west TO first.
=====>      1

  *1*   102 E : 'EXIT' Identifier 'TO' Identifier '.' ... deleted.

  587.      MENTIONED
=====>      1

  *1*   102 E : 'MENTIONED' deleted.

  590.      VERB examine DOES
=====>      1    2

  *1*   104 E : Severe syntax error, construct ignored.
  *2*   220 W : Multiple definition of 'examine'.
  *2*   220 W : Multiple definition of 'examine'.
  *2*   220 W : Multiple definition of 'examine'.
  *2*   220 W : Multiple definition of 'examine'.

  595.      VERB read DOES
=====>           1

  *1*   220 W : Multiple definition of 'read'.
  *1*   220 W : Multiple definition of 'read'.
  *1*   220 W : Multiple definition of 'read'.

  605.      VERB take
=====>           1

  *1*   220 W : Multiple definition of 'take'.

  606.      CHECK ladder NOT AT walless 
=====>            1             2

  *1*   310 E : Identifier 'ladder' not defined.
  *2*   310 E : Identifier 'walless' not defined.

  611.          MAKE ladder NOT raised.
=====>               1

  *1*   310 E : Identifier 'ladder' not defined.

  615.          LOCATE ladder HERE.
=====>                 1

  *1*   310 E : Identifier 'ladder' not defined.

  616.          IF ladder AT outside THEN
=====>             1         2

  *1*   310 E : Identifier 'ladder' not defined.
  *2*   310 E : Identifier 'outside' not defined.

  619.          ELSIF ladder AT holeroom THEN
=====>                1         2

  *1*   310 E : Identifier 'ladder' not defined.
  *2*   310 E : Identifier 'holeroom' not defined.

  620.              IF ladder IS raised THEN
=====>                 1

  *1*   310 E : Identifier 'ladder' not defined.

  626.                  MAKE ladder raised.
=====>                       1

  *1*   310 E : Identifier 'ladder' not defined.

  637.          IF ladder IN hero THEN
=====>             1         2

  *1*   310 E : Identifier 'ladder' not defined.
  *2*   318 E : The 'hero' does not have the container property.

  640.          ELSIF ladder IS NOT raised THEN
=====>                1

  *1*   310 E : Identifier 'ladder' not defined.

  647.              IF ladder AT walless THEN
=====>                 1         2

  *1*   310 E : Identifier 'ladder' not defined.
  *2*   310 E : Identifier 'walless' not defined.

  652.              LOCATE ladder HERE.
=====>                     1

  *1*   310 E : Identifier 'ladder' not defined.

  655.  END OBJECT.
=====>  1

  *1*   103 E : 'END' Identifier '.' Identifier Identifier ... replaced by
                'START' 'HERE' '.'.

  666.      EXIT up TO third.
=====>      1

  *1*   102 E : 'EXIT' Identifier 'TO' Identifier '.' ... deleted.

  683.      EXIT west TO second.
=====>      1

  *1*   102 E : 'EXIT' Identifier 'TO' Identifier '.' ... deleted.

  702.      MENTIONED
=====>      1

  *1*   102 E : 'MENTIONED' deleted.

  705.      VERB examine DOES
=====>      1    2

  *1*   104 E : Severe syntax error, construct ignored.
  *2*   220 W : Multiple definition of 'examine'.
  *2*   220 W : Multiple definition of 'examine'.
  *2*   220 W : Multiple definition of 'examine'.
  *2*   220 W : Multiple definition of 'examine'.
  *2*   220 W : Multiple definition of 'examine'.

  707.          IF terminal IS NOT connected THEN
=====>             1

  *1*   310 E : Identifier 'terminal' not defined.

  712.          IF terminal IS showing_msg1
=====>             1

  *1*   310 E : Identifier 'terminal' not defined.

  713.          OR terminal IS showing_msg2 THEN
=====>             1

  *1*   310 E : Identifier 'terminal' not defined.

  718.      VERB read DOES
=====>           1

  *1*   220 W : Multiple definition of 'read'.
  *1*   220 W : Multiple definition of 'read'.
  *1*   220 W : Multiple definition of 'read'.
  *1*   220 W : Multiple definition of 'read'.

  719.          IF terminal IS showing_msg1 THEN
=====>             1

  *1*   310 E : Identifier 'terminal' not defined.

  721.          ELSIF terminal IS showing_msg2 THEN
=====>                1

  *1*   310 E : Identifier 'terminal' not defined.

  728.      VERB take DOES
=====>           1

  *1*   220 W : Multiple definition of 'take'.
  *1*   220 W : Multiple definition of 'take'.

  729.  	MAKE terminal NOT connected.
=====>  	     1

  *1*   310 E : Identifier 'terminal' not defined.

  730.  	MAKE terminal NOT showing_msg1.
=====>  	     1

  *1*   310 E : Identifier 'terminal' not defined.

  731.  	MAKE terminal NOT showing_msg2.
=====>  	     1

  *1*   310 E : Identifier 'terminal' not defined.

  732.  	IF coin IS NOT found THEN
=====>  	   1

  *1*   310 E : Identifier 'coin' not defined.

  734.  	    MAKE coin found.
=====>  	         1

  *1*   310 E : Identifier 'coin' not defined.

  735.  	    LOCATE coin HERE.
=====>  	           1

  *1*   310 E : Identifier 'coin' not defined.

  741.          IF computer NOT HERE THEN
=====>             1

  *1*   310 E : Identifier 'computer' not defined.

  744.              IF computer IS running THEN
=====>                 1

  *1*   310 E : Identifier 'computer' not defined.

  747.                  MAKE terminal showing_msg1.
=====>                       1

  *1*   310 E : Identifier 'terminal' not defined.

  751.              MAKE terminal connected.
=====>                   1

  *1*   310 E : Identifier 'terminal' not defined.

  752.              LOCATE terminal HERE.
=====>                     1

  *1*   310 E : Identifier 'terminal' not defined.

  755.  END OBJECT.
=====>  1

  *1*   103 E : 'END' Identifier '.' Identifier Identifier ... replaced by
                'START' 'HERE' '.'.

  767.      VERB read DOES
=====>      1    2

  *1*   104 E : Severe syntax error, construct ignored.
  *2*   220 W : Multiple definition of 'read'.
  *2*   220 W : Multiple definition of 'read'.
  *2*   220 W : Multiple definition of 'read'.
  *2*   220 W : Multiple definition of 'read'.
  *2*   220 W : Multiple definition of 'read'.

  771.      VERB insert_into
=====>           1

  *1*   220 W : Multiple definition of 'insert_into'.

  772.  	CHECK s = machine
=====>  	          1

  *1*   310 E : Identifier 'machine' not defined.

  777.              LOCATE candy HERE.
=====>                     1

  *1*   310 E : Identifier 'candy' not defined.

  778.              LOCATE coin AT NOWHERE.
=====>                     1

  *1*   310 E : Identifier 'coin' not defined.

  781.  END OBJECT.
=====>  1

  *1*   103 E : 'END' Identifier '.' Identifier Identifier ... replaced by
                'START' 'HERE' '.'.

  794.      EXIT up TO fourth.
=====>      1

  *1*   102 E : 'EXIT' Identifier 'TO' Identifier '.' ... deleted.

  807.      EXIT up TO fifth.
=====>      1

  *1*   102 E : 'EXIT' Identifier 'TO' Identifier '.' ... deleted.

  823.      EXIT up TO walless
=====>      1

  *1*   102 E : 'EXIT' Identifier 'TO' Identifier 'CHECK' ... deleted.

  827.          DOES
=====>          1

  *1*   102 E : 'DOES' deleted.

  829.      END EXIT.
=====>      1

  *1*   102 E : 'END' 'EXIT' '.' 'EXIT' Identifier ... deleted.

  842.      EXIT down TO holeroom
=====>      1

  *1*   102 E : 'EXIT' Identifier 'TO' Identifier 'DOES' deleted.

  845.      END EXIT.
=====>      1

  *1*   102 E : 'END' 'EXIT' '.' 'END' Identifier ... deleted.

  862.      VERB examine DOES
=====>      1    2

  *1*   104 E : Severe syntax error, construct ignored.
  *2*   220 W : Multiple definition of 'examine'.
  *2*   220 W : Multiple definition of 'examine'.
  *2*   220 W : Multiple definition of 'examine'.
  *2*   220 W : Multiple definition of 'examine'.
  *2*   220 W : Multiple definition of 'examine'.
  *2*   220 W : Multiple definition of 'examine'.

  863.          IF nest IS NOT examined THEN
=====>             1

  *1*   310 E : Identifier 'nest' not defined.

  867.              LOCATE keys HERE.
=====>                     1

  *1*   310 E : Identifier 'keys' not defined.

  868.              MAKE nest examined.
=====>                   1

  *1*   310 E : Identifier 'nest' not defined.

  874.  END OBJECT.
=====>  1

  *1*   103 E : 'END' Identifier '.' Identifier Identifier ... replaced by
                'START' 'HERE' '.'.

  883.      MENTIONED
=====>      1

  *1*   102 E : 'MENTIONED' deleted.

  886.      VERB examine DOES
=====>      1    2

  *1*   104 E : Severe syntax error, construct ignored.
  *2*   220 W : Multiple definition of 'examine'.
  *2*   220 W : Multiple definition of 'examine'.
  *2*   220 W : Multiple definition of 'examine'.
  *2*   220 W : Multiple definition of 'examine'.
  *2*   220 W : Multiple definition of 'examine'.
  *2*   220 W : Multiple definition of 'examine'.
  *2*   220 W : Multiple definition of 'examine'.

  890.  END OBJECT.
=====>  1

  *1*   103 E : 'END' Identifier '.' Identifier Identifier ... replaced by
                'START' 'HERE' '.'.

  899.      EXIT down TO fourth.
=====>      1

  *1*   102 E : 'EXIT' Identifier 'TO' Identifier '.' ... deleted.

  910.      EXIT north TO fifth.
=====>      1

  *1*   102 E : 'EXIT' Identifier 'TO' Identifier '.' ... deleted.

  928.      VERB examine DOES
=====>      1    2

  *1*   104 E : Severe syntax error, construct ignored.
  *2*   220 W : Multiple definition of 'examine'.
  *2*   220 W : Multiple definition of 'examine'.
  *2*   220 W : Multiple definition of 'examine'.
  *2*   220 W : Multiple definition of 'examine'.
  *2*   220 W : Multiple definition of 'examine'.
  *2*   220 W : Multiple definition of 'examine'.
  *2*   220 W : Multiple definition of 'examine'.
  *2*   220 W : Multiple definition of 'examine'.

  931.          IF clock IS broken THEN
=====>             1

  *1*   310 E : Identifier 'clock' not defined.

  937.      VERB read DOES
=====>           1

  *1*   220 W : Multiple definition of 'read'.
  *1*   220 W : Multiple definition of 'read'.
  *1*   220 W : Multiple definition of 'read'.
  *1*   220 W : Multiple definition of 'read'.
  *1*   220 W : Multiple definition of 'read'.
  *1*   220 W : Multiple definition of 'read'.

  942.          IF clock IS NOT wound THEN
=====>             1

  *1*   310 E : Identifier 'clock' not defined.

  946.              MAKE clock wound.
=====>                   1

  *1*   310 E : Identifier 'clock' not defined.

  947.          ELSIF clock IS NOT broken THEN
=====>                1

  *1*   310 E : Identifier 'clock' not defined.

  950.              MAKE clock broken.
=====>                   1

  *1*   310 E : Identifier 'clock' not defined.

  956.  END OBJECT.
=====>  1

  *1*   103 E : 'END' Identifier '.' Identifier Identifier ... replaced by
                'START' 'HERE' '.'.

  966.      EXIT east TO deskroom
=====>      1

  *1*   102 E : 'EXIT' Identifier 'TO' Identifier 'CHECK' ... deleted.

  976.      END EXIT.
=====>      1

  *1*   102 E : 'END' 'EXIT' '.' 'EXIT' Identifier ... deleted.

  992.      EXIT west TO corr.
=====>      1

  *1*   102 E : 'EXIT' Identifier 'TO' Identifier '.' ... deleted.

 1007.      VERB examine DOES
=====>      1    2

  *1*   104 E : Severe syntax error, construct ignored.
  *2*   220 W : Multiple definition of 'examine'.
  *2*   220 W : Multiple definition of 'examine'.
  *2*   220 W : Multiple definition of 'examine'.
  *2*   220 W : Multiple definition of 'examine'.
  *2*   220 W : Multiple definition of 'examine'.
  *2*   220 W : Multiple definition of 'examine'.
  *2*   220 W : Multiple definition of 'examine'.
  *2*   220 W : Multiple definition of 'examine'.
  *2*   220 W : Multiple definition of 'examine'.

 1008.          IF drawer IS open THEN
=====>             1

  *1*   310 E : Identifier 'drawer' not defined.

 1010.              IF drawer IS NOT 'empty' THEN
=====>                 1

  *1*   310 E : Identifier 'drawer' not defined.

 1016.      VERB open DOES
=====>           1

  *1*   220 W : Multiple definition of 'open'.
  *1*   220 W : Multiple definition of 'open'.

 1017.          IF drawer IS open THEN
=====>             1

  *1*   310 E : Identifier 'drawer' not defined.

 1019.          ELSIF manual IS NOT found THEN
=====>                1

  *1*   310 E : Identifier 'manual' not defined.

 1021.              LOCATE manual HERE.
=====>                     1

  *1*   310 E : Identifier 'manual' not defined.

 1026.          MAKE drawer open.
=====>               1

  *1*   310 E : Identifier 'drawer' not defined.

 1029.      VERB close DOES
=====>           1

  *1*   220 W : Multiple definition of 'close'.

 1030.         IF drawer IS NOT open THEN
=====>            1

  *1*   310 E : Identifier 'drawer' not defined.

 1034.             MAKE drawer NOT open.
=====>                  1

  *1*   310 E : Identifier 'drawer' not defined.

 1037.  END OBJECT.
=====>  1

  *1*   103 E : 'END' Identifier '.' Identifier Identifier replaced by 'START'.

 1041.      IS
=====>      1

  *1*   103 E : 'IS' Identifier '.' 'NOT' Identifier ... replaced by '.'.

 1049.      VERB examine DOES
=====>      1    2

  *1*   104 E : Severe syntax error, construct ignored.
  *2*   220 W : Multiple definition of 'examine'.
  *2*   220 W : Multiple definition of 'examine'.
  *2*   220 W : Multiple definition of 'examine'.
  *2*   220 W : Multiple definition of 'examine'.
  *2*   220 W : Multiple definition of 'examine'.
  *2*   220 W : Multiple definition of 'examine'.
  *2*   220 W : Multiple definition of 'examine'.
  *2*   220 W : Multiple definition of 'examine'.
  *2*   220 W : Multiple definition of 'examine'.
  *2*   220 W : Multiple definition of 'examine'.

 1052.          IF desk IS marked THEN
=====>             1

  *1*   310 E : Identifier 'desk' not defined.

 1056.              MAKE desk marked.
=====>                   1

  *1*   310 E : Identifier 'desk' not defined.

 1059.          IF drawer IS open THEN
=====>             1

  *1*   310 E : Identifier 'drawer' not defined.

 1061.              IF drawer IS NOT 'empty' THEN
=====>                 1

  *1*   310 E : Identifier 'drawer' not defined.

 1067.      VERB open DOES
=====>           1

  *1*   220 W : Multiple definition of 'open'.
  *1*   220 W : Multiple definition of 'open'.
  *1*   220 W : Multiple definition of 'open'.

 1068.          IF drawer IS open THEN
=====>             1

  *1*   310 E : Identifier 'drawer' not defined.

 1070.          ELSIF manual IS NOT found THEN
=====>                1

  *1*   310 E : Identifier 'manual' not defined.

 1072.              LOCATE manual HERE.
=====>                     1

  *1*   310 E : Identifier 'manual' not defined.

 1077.          MAKE drawer open.
=====>               1

  *1*   310 E : Identifier 'drawer' not defined.

 1080.      VERB close DOES
=====>           1

  *1*   220 W : Multiple definition of 'close'.
  *1*   220 W : Multiple definition of 'close'.

 1081.         IF drawer IS NOT open THEN
=====>            1

  *1*   310 E : Identifier 'drawer' not defined.

 1085.             MAKE drawer NOT open.
=====>                  1

  *1*   310 E : Identifier 'drawer' not defined.

 1088.  END OBJECT.
=====>  1

  *1*   103 E : 'END' Identifier '.' Identifier Identifier ... replaced by
                'START' 'HERE' '.'.

 1097.          password "".
=====>                     1

  *1*   102 E : '.' Identifier deleted.

 1098.  	pwtry "".
=====>  	        1

  *1*   102 E : '.' 'DESCRIPTION' deleted.

 1103.      MENTIONED
=====>      1

  *1*   102 E : 'MENTIONED' deleted.

 1106.      VERB examine DOES
=====>      1    2

  *1*   104 E : Severe syntax error, construct ignored.
  *2*   220 W : Multiple definition of 'examine'.
  *2*   220 W : Multiple definition of 'examine'.
  *2*   220 W : Multiple definition of 'examine'.
  *2*   220 W : Multiple definition of 'examine'.
  *2*   220 W : Multiple definition of 'examine'.
  *2*   220 W : Multiple definition of 'examine'.
  *2*   220 W : Multiple definition of 'examine'.
  *2*   220 W : Multiple definition of 'examine'.
  *2*   220 W : Multiple definition of 'examine'.
  *2*   220 W : Multiple definition of 'examine'.
  *2*   220 W : Multiple definition of 'examine'.

 1110.      VERB read DOES
=====>           1

  *1*   220 W : Multiple definition of 'read'.
  *1*   220 W : Multiple definition of 'read'.
  *1*   220 W : Multiple definition of 'read'.
  *1*   220 W : Multiple definition of 'read'.
  *1*   220 W : Multiple definition of 'read'.
  *1*   220 W : Multiple definition of 'read'.
  *1*   220 W : Multiple definition of 'read'.

 1117.  	IF pwindex OF manual = 0 THEN
=====>  	              1

  *1*   310 E : Identifier 'manual' not defined.

 1118.  	    SET pwindex OF manual TO RANDOM 1 TO 3.
=====>  	                   1

  *1*   310 E : Identifier 'manual' not defined.

 1120.  	IF pwindex OF manual = 1 THEN
=====>  	              1

  *1*   310 E : Identifier 'manual' not defined.

 1121.  	     SET password OF manual TO "NilGu".
=====>  	                     1

  *1*   310 E : Identifier 'manual' not defined.

 1122.  	ELSIF pwindex OF manual = 2 THEN
=====>  	                 1

  *1*   310 E : Identifier 'manual' not defined.

 1123.  	     SET password OF manual TO "SveGr".
=====>  	                     1

  *1*   310 E : Identifier 'manual' not defined.

 1124.  	ELSIF pwindex OF manual = 3 THEN
=====>  	                 1

  *1*   310 E : Identifier 'manual' not defined.

 1125.  	     SET password OF manual TO "OscSv".
=====>  	                     1

  *1*   310 E : Identifier 'manual' not defined.

 1127.  	SAY password OF manual. "$$'."
=====>  	                1

  *1*   310 E : Identifier 'manual' not defined.

 1128.  	IF pwtry OF manual = password OF manual THEN
=====>  	            1                    2

  *1*   310 E : Identifier 'manual' not defined.
  *2*   310 E : Identifier 'manual' not defined.

 1132.  END OBJECT.
=====>  1

  *1*   103 E : 'END' Identifier '.' Identifier Identifier ... replaced by
                'START' 'HERE' '.'.

 1141.      EXIT west TO fourth.
=====>      1

  *1*   102 E : 'EXIT' Identifier 'TO' Identifier '.' ... deleted.

 1156.      VERB examine DOES
=====>      1    2

  *1*   104 E : Severe syntax error, construct ignored.
  *2*   220 W : Multiple definition of 'examine'.
  *2*   220 W : Multiple definition of 'examine'.
  *2*   220 W : Multiple definition of 'examine'.
  *2*   220 W : Multiple definition of 'examine'.
  *2*   220 W : Multiple definition of 'examine'.
  *2*   220 W : Multiple definition of 'examine'.
  *2*   220 W : Multiple definition of 'examine'.
  *2*   220 W : Multiple definition of 'examine'.
  *2*   220 W : Multiple definition of 'examine'.
  *2*   220 W : Multiple definition of 'examine'.
  *2*   220 W : Multiple definition of 'examine'.
  *2*   220 W : Multiple definition of 'examine'.

 1159.          IF computer IS NOT running AND computer IS NOT popped THEN
=====>             1                           2

  *1*   310 E : Identifier 'computer' not defined.
  *2*   310 E : Identifier 'computer' not defined.

 1161.          ELSIF computer IS running THEN
=====>                1

  *1*   310 E : Identifier 'computer' not defined.

 1165.          IF tape IS mounted THEN
=====>             1

  *1*   310 E : Identifier 'tape' not defined.

 1170.          IF terminal IS connected THEN
=====>             1

  *1*   310 E : Identifier 'terminal' not defined.

 1178.      VERB kick DOES
=====>           1

  *1*   220 W : Multiple definition of 'kick'.

 1179.          IF computer IS NOT running AND computer IS NOT popped THEN
=====>             1                           2

  *1*   310 E : Identifier 'computer' not defined.
  *2*   310 E : Identifier 'computer' not defined.

 1183.              MAKE computer running.
=====>                   1

  *1*   310 E : Identifier 'computer' not defined.

 1185.              IF terminal IS connected THEN
=====>                 1

  *1*   310 E : Identifier 'terminal' not defined.

 1188.                  MAKE terminal showing_msg1.
=====>                       1

  *1*   310 E : Identifier 'terminal' not defined.

 1190.          ELSIF computer IS running THEN
=====>                1

  *1*   310 E : Identifier 'computer' not defined.

 1197.      VERB 'start' DOES ONLY
=====>           1

  *1*   220 W : Multiple definition of 'start'.

 1203.  END OBJECT.
=====>  1

  *1*   103 E : 'END' Identifier '.' Identifier Identifier ... replaced by
                'START' 'HERE' '.'.

 1215.      EXIT west TO hall.
=====>      1

  *1*   102 E : 'EXIT' Identifier 'TO' Identifier '.' ... deleted.

 1227.      VERB examine DOES
=====>      1    2

  *1*   104 E : Severe syntax error, construct ignored.
  *2*   220 W : Multiple definition of 'examine'.
  *2*   220 W : Multiple definition of 'examine'.
  *2*   220 W : Multiple definition of 'examine'.
  *2*   220 W : Multiple definition of 'examine'.
  *2*   220 W : Multiple definition of 'examine'.
  *2*   220 W : Multiple definition of 'examine'.
  *2*   220 W : Multiple definition of 'examine'.
  *2*   220 W : Multiple definition of 'examine'.
  *2*   220 W : Multiple definition of 'examine'.
  *2*   220 W : Multiple definition of 'examine'.
  *2*   220 W : Multiple definition of 'examine'.
  *2*   220 W : Multiple definition of 'examine'.
  *2*   220 W : Multiple definition of 'examine'.

 1233.      VERB read DOES
=====>           1

  *1*   220 W : Multiple definition of 'read'.
  *1*   220 W : Multiple definition of 'read'.
  *1*   220 W : Multiple definition of 'read'.
  *1*   220 W : Multiple definition of 'read'.
  *1*   220 W : Multiple definition of 'read'.
  *1*   220 W : Multiple definition of 'read'.
  *1*   220 W : Multiple definition of 'read'.
  *1*   220 W : Multiple definition of 'read'.

 1236.  END OBJECT.
=====>  1

  *1*   103 E : 'END' Identifier '.' Identifier Identifier ... replaced by
                'START' 'HERE' '.'.

 1246.      VERB examine DOES
=====>      1    2

  *1*   104 E : Severe syntax error, construct ignored.
  *2*   220 W : Multiple definition of 'examine'.
  *2*   220 W : Multiple definition of 'examine'.
  *2*   220 W : Multiple definition of 'examine'.
  *2*   220 W : Multiple definition of 'examine'.
  *2*   220 W : Multiple definition of 'examine'.
  *2*   220 W : Multiple definition of 'examine'.
  *2*   220 W : Multiple definition of 'examine'.
  *2*   220 W : Multiple definition of 'examine'.
  *2*   220 W : Multiple definition of 'examine'.
  *2*   220 W : Multiple definition of 'examine'.
  *2*   220 W : Multiple definition of 'examine'.
  *2*   220 W : Multiple definition of 'examine'.
  *2*   220 W : Multiple definition of 'examine'.
  *2*   220 W : Multiple definition of 'examine'.

 1251.      VERB read DOES
=====>           1

  *1*   220 W : Multiple definition of 'read'.
  *1*   220 W : Multiple definition of 'read'.
  *1*   220 W : Multiple definition of 'read'.
  *1*   220 W : Multiple definition of 'read'.
  *1*   220 W : Multiple definition of 'read'.
  *1*   220 W : Multiple definition of 'read'.
  *1*   220 W : Multiple definition of 'read'.
  *1*   220 W : Multiple definition of 'read'.
  *1*   220 W : Multiple definition of 'read'.

 1258.          LOCATE candy AT NOWHERE.
=====>                 1

  *1*   310 E : Identifier 'candy' not defined.

 1261.      VERB drop
=====>           1

  *1*   220 W : Multiple definition of 'drop'.

 1263.          IF rats HERE THEN
=====>             1

  *1*   310 E : Identifier 'rats' not defined.

 1267.              MAKE rats NOT hungry.
=====>                   1

  *1*   310 E : Identifier 'rats' not defined.

 1268.              LOCATE candy AT NOWHERE.
=====>                     1

  *1*   310 E : Identifier 'candy' not defined.

 1272.  END OBJECT.
=====>  1

  *1*   103 E : 'END' Identifier '.' Identifier Identifier ... replaced by
                'START' 'HERE' '.'.

 1279.          HEADER "You are carrying"
=====>          1

  *1*   102 E : 'HEADER' deleted.

 1280.          ELSE "You are empty-handed."
=====>          1

  *1*   102 E : 'ELSE' deleted.

 1281.  END ACTOR.
=====>  1

  *1*   104 E : Severe syntax error, construct ignored.

 1284.  START AT outside.
=====>           1

  *1*   310 E : Identifier 'outside' not defined.
  *1*   351 E : Must refer to an instance inheriting from 'location'.


        235 error(s).
        171 warning(s).
        56 informational message(s).

