########## simplest ##########


simplest.alan

    1.  start at darkroom.
=====>           1

  *1*   310 E : Identifier 'darkroom' not defined.
  *1*   351 E : START statement must refer to an instance inheriting from
                'location'.

    4.  location darkroom 
=====>  1

  *1*   102 E : Syntax error. Attempting to repair by ignoring "'LOCATION'
                Identifier 'NAME' Identifier Identifier ...".

    8.        exit north to anotherroom.
=====>        1

  *1*   102 E : Syntax error. Attempting to repair by ignoring "'EXIT'
                Identifier 'TO' Identifier '.' ...".

   16.        exit south to darkroom.
=====>        1

  *1*   102 E : Syntax error. Attempting to repair by ignoring "'EXIT'
                Identifier 'TO' Identifier '.' ...".


        5 error(s).
        No detected warnings.
        4 informational message(s).

