########## alan start1 ##########


start1.alan

    1.  The l
=====>  1

  *1*   422 W : This instance does not inherit from anything, nor does it have
                a container property. This makes its use dubious.

    4.  Start At l.
=====>           1

  *1*   351 E : START statement must refer to an instance inheriting from
                'location'.


        1 error(s).
        1 warning(s).
        1 informational message(s).

