########## alan stringStringSyntax ##########


stringStringSyntax.alan

    1.  Syntax string = string (string)
=====>         1

  *1*   208 E : 'string' is not a VERB.

    2.  	Where string Isa string Else "You can only string strings."
=====>  	      1

  *1*   222 E : Identifier 'string' in class restriction is not a parameter.

    4.  Verb string
=====>       1

  *1*   305 E : 'string' already declared as a Class (Every).

    6.      "You string" Say string.
=====>                       1

  *1*   319 E : Identifier 'string' is not an instance.



        208 E : 'string' is not a VERB.


        5 error(s).
        No detected warnings.
        2 informational message(s).

