########## alan stringStringSyntax ##########


stringStringSyntax.alan

    1.  Syntax string = string (string)
=====>         1      2 3       4

  *1*   103 E : 'STRING' replaced by Identifier ('<generated identifier #1>').
  *2*   207 E : VERB '<generated identifier #1>' is not defined.
  *3*   102 E : 'STRING' deleted.
  *4*   103 E : 'STRING' replaced by Identifier ('<generated identifier #2>').

    2.  	Where string Isa String Else "You can only string strings."
=====>  	      1

  *1*   103 E : 'STRING' replaced by Identifier ('<generated identifier #3>').

    4.  Verb string
=====>       1

  *1*   103 E : 'STRING' replaced by Identifier ('<generated identifier #4>').

    6.      "You string" Say string.
=====>                       1

  *1*   103 E : 'STRING' replaced by Identifier ('<generated identifier #5>').
  *1*   310 E : Identifier '<generated identifier #5>' not defined.

    7.  End Verb string.
=====>           1

  *1*   102 E : 'STRING' deleted.


        9 error(s).
        No detected warnings.
        2 informational message(s).

