########## syntaxWithoutVerb ##########
Options
    Debug.

Syntax
    put_in = 'put' (o) 'in' (c)
	Where c Isa Container
	    Else "You can't put anything in the $2."

The cont Isa object At l
    Container
End The cont.


The l Isa location
End The l.


Start At l.
########## alan syntaxWithoutVerb.alan ##########


syntaxWithoutVerb.alan

    5.      put_in = 'put' (o) 'in' (c)
=====>      1

  *1*   207 E : VERB 'put_in' is not defined.


        1 error(s).
        No detected warnings.
        1 informational message(s).

