########## transitive_here_gives_error ##########


transitive_here_gives_error.alan

    5.    If l Directly Here Then "" End If.
=====>                  1

  *1*   325 E : Cannot use transitivity ('Directly') with Here.

    6.    If l Indirectly Here Then "" End If.
=====>                    1

  *1*   325 E : Cannot use transitivity ('Indirectly') with Here.

    7.    If l Transitively Here Then "" End If.
=====>                      1

  *1*   325 E : Cannot use transitivity ('Transitively') with Here.


        3 error(s).
        No detected warnings.
        1 informational message(s).

