########## alan unconditionalCheckDoes ##########


unconditionalCheckDoes.alan

    4.      Does "again"
=====>      1

  *1*   227 W : An unconditional check prohibits the declared statements (DOES)
                to ever be executed.


        No detected errors.
        1 warning(s).
        1 informational message(s).

