########## verifyInitialLocationNoSigSegv ##########


verifyInitialLocationNoSigSegv.alan

    3.    Description "Hello my friend".
=====>                                 1

  *1*   101 E : Syntax error. Inserting "quit" before this token.

    5.   "jlasdfj"
=====>   1

  *1*   102 E : Syntax error. Ignoring "STRING".


        2 error(s).
        No detected warnings.
        1 informational message(s).

