########## nestedContainerLimits ##########

        No warnings or errors detected.



L
There is a bag, a stone1 and a stone2 here.

> take stone1
The hero carries a stone1. The bag is empty.

> take stone2
That weighs too much.

> put stone1 in bag
The bag contains a stone1. The hero is empty-handed.

> put stone2 in bag
The bag contains a stone2 and a stone1. The hero is empty-handed.

> take bag
That weighs too much.

> 

Do you want to UNDO, RESTART, RESTORE or QUIT ? 
