########## actnams ##########
../compiler/alan actnams
../interpreter/arun -n actnams < actnams.input
########## /bin/sh  actnams.tst ##########

        No warnings or errors detected.
        1 informational message(s).


Try 'hello tim' and 'hello Tim Allen'.


L.
Tim is here.

> hello tim
Tim says 'hello'.

> hello tim allen
Tim says 'hello'.

> hello tim allen show
Tim says 'hello'.

> 

Do you want to RESTART, RESTORE or QUIT ? 
