########## alan actor ##########

        No warnings or errors detected.

########## arun actor ##########
Examine Kalle & yourself.


L
Stor Liten Kalle is here.

> examine kalle
You can't do that.

> examine me
me is here.!@# Kalle is here. Kalle is here.

> w
L
Stor Liten Kalle is here. Kalle is here. Kalle is here. Event 1. He is
large. He is 42

> 

Do you want to RESTART, RESTORE or QUIT ? 
