########## actor ##########
../compiler/alan actor
../interpreter/arun -n actor < actor.input
########## /bin/sh  actor.tst ##########

        No warnings or errors detected.
        1 informational message(s).

Examine Kalle & yourself.


L
Stor Liten Kalle is here.

> examine kalle
You can't do that.

> examine me
me is here.!@# Kalle is here.

> w
L
Stor Liten Kalle is here. Kalle is here. Event 1.

> 

Do you want to RESTART, RESTORE or QUIT ? 
