########## actorverb ##########
../compiler/alan actorverb
../interpreter/arun.exe -n actorverb < actorverb.input
########## /bin/sh  actorverb.tst ##########

        No warnings or errors detected.
        2 informational message(s).


Examine Fred!


W.
Fred is here.

> examine fred
Describe Fred.

> x fred
You can't do that.

> 

Do you want to RESTART, RESTORE or QUIT ? 
