########## actortest ##########
../compiler/alan actortest
########## /bin/sh  actortest.tst ##########


actortest.alan

    2.    locate actor in cont.
=====>    1      2

  *1*   402 E : An Actor can't be inside a Container.
  *2*   412 E : ACTOR is not allowed inside Events.


        2 error(s).
        No detected warnings.
        4 informational message(s).

