########## actor ##########

        No warnings or errors detected.


Examine Kalle & yourself.


L
Stor liten kalle is here.

> examine kalle
You can't do that.

> examine me
Me is here.!@# Kalle is here. Kalle is here.

> w
L
Stor liten kalle is here. Kalle is here. Kalle is here. Event 1. He is
large. He is 42

> 

Do you want to RESTART, RESTORE or QUIT ? 
