########## actor_in ##########
alan actor_in
arun actor_in < actor_in.input
########## /bin/sh  actor_in.tst ##########


actor_in.alan

  18.         Locate Hero In cont.
====>         1

  *1*   402 E : An Actor can't be inside a Container.


        1 error(s).
        No detected warnings.
        4 informational message(s).

actor_in.tst: actor_in.input: No such file or directory
