########## actparts ##########
../compiler/alan actparts
########## /bin/sh  actparts.tst ##########


actparts.alan

   13.    Container
=====>    1

  *1*   204 E : Multiple use of CONTAINER clause in this actor.

   15.    Description "Second description."
=====>    1

  *1*   204 E : Multiple use of DESCRIPTION clause in this actor.


        2 error(s).
        No detected warnings.
        3 informational message(s).

