########## alan addedAttributes ##########

        No warnings or errors detected.
        1 informational message(s).

########## arun addedAttributes ##########

The nest is examinable.


L
There is a birds nest here.

> examine nest
Examine birds nest. Examine nest.

> 

Do you want to RESTART, RESTORE or QUIT ? 
