########## aggregateMin ##########


aggregateMin.alan

   28.    If Min Of y Isa object, In c = 1 Then "Ok" Else "not ok" End If.
=====>                            1

  *1*   451 W : Filter using IN transitively can possibly return instances of
                any type. If this is not what you want use 'Directly In'
                instead.


        No detected errors.
        1 warning(s).


Ok Ok Ok


L
There is a o2 and a o3 here.

> 

Do you want to UNDO, RESTART, RESTORE or QUIT ? 
