########## air ##########
../compiler/alan air
../interpreter/arun -n air < air.input
########## /bin/sh  air.tst ##########

        No warnings or errors detected.
        2 informational message(s).


Breath air!


This.

> breath air
You survive by breathing.

> 

Do you want to RESTART, RESTORE or QUIT ? 
