########## alt ##########
alan alt
arun alt < alt.input
########## /bin/sh  alt.tst ##########

        No warnings or errors detected.
        1 informational message(s).


To test verb alternatives try 'PUT obj1 in obj2' and vice versa.


L.
There is a obj1 and a obj2 here.

> put obj1 in obj2
OBJ1 is parameter o. OBJ2 is parameter c.

> put obj2 in obj1
OBJ2 is parameter o. OBJ1 is parameter c.

> 

Do you want to restart (y) ? 
