########## alan attribute1 ##########

        No warnings or errors detected.

########## arun attribute1 ##########


Secondinstance
This location has a1 = 201 and a12 = 12 and a21 = 21 and a22 = 22

> e
Firstinstance
This location has a1 = 1 and a11 = 11 and a12 = 112

> w
Secondinstance
This location has a1 = 201 and a12 = 12 and a21 = 21 and a22 = 22

> e
Firstinstance
This location has a1 = 1 and a11 = 11 and a12 = 112

> 

Do you want to RESTART, RESTORE or QUIT ? 
