########## body ##########
alan body
arun body < body.input
########## /bin/sh  body.tst ##########

        No warnings or errors detected.
        1 informational message(s).


Examine your arms! 'i' for inventory.


This.

> I don't know which arm you mean.

> There is a right arm here.

> The body contains a left arm and a right arm.

> 'arms'? I don't know that word.

> 

Do you want to restart (y) ? 
