"$p
[21C+---+
$n[11C+-+[8C!D[2C!
$n[2C[2CN[6C!C![2C P[2C[2C!u[2C!
$n[2C[2C [D![6C!a![2C a[2C[2C!n B!
$n[2C[2C![6C!f![2C r L[2C!s l!
$n[2C[2C![6C!e![2C k o[2C![2Cd!
$nW=======E[2C!t= [D=[2Ci T[2C=S g!
$n[2C[2C![6C!e![2C n[2C[2C!c[2C!
$n[2C[2C![6C!r![2C g[2C[2C!o[2C!
$n[2C[2C [D![6C!i![8C!t[2C!
$n[2C[2CS[6C!a![8C!u[2C!
$n[11C+-+[8C!s[2C!
$n[22C+---+
"
