########## clean_with ##########
alan clean_with
arun clean_with < clean_with.input
########## /bin/sh  clean_with.tst ##########

        No warnings or errors detected.
        2 informational message(s).


Testing syntax for 'clean with' and default for 'clean'.


L.
There is a o1 and a o2 here.

> clean o1 with o2
Cleaning o1 with o2

> clean o1
Cleaning o1

> 
> 

Do you want to restart (y) ? 
