########## container ##########
../compiler/alan container
########## /bin/sh  container.tst ##########


container.alan

   13.      Check c Is open
=====>                 1

  *1*   406 E : A Container, Integer or String have no default attributes.
  *1*   404 E : Attribute to a parameter must be a default attribute.


        2 error(s).
        No detected warnings.
        2 informational message(s).

