########## container ##########
alan container
arun container < container.input
########## /bin/sh  container.tst ##########


container.alan

  13.       Check c Is open
====>                  1

  *1*   406 E : A parameter defined as Container have no default attributes.
  *1*   404 E : Attribute to a parameter must be a default attribute.


        2 error(s).
        No detected warnings.
        2 informational message(s).

container.tst: container.input: No such file or directory
