########## alan containerRestriction1 ##########

        No warnings or errors detected.

########## arun containerRestriction1 ##########


L
There is a cont and a notacont here.

> put notacont in cont
Ok.

> put cont in notacont
You can't put anything in the notacont.

> put cont in cont
Ok.

> 

Do you want to RESTART, RESTORE or QUIT ? 
