########## containerRestriction1 ##########

        No warnings or errors detected.



L
There is a cont and a notacont here.

> put notacont in cont
Ok.

> put cont in notacont
You can't put anything in the notacont.

> put cont in cont
That would be putting the cont inside itself.

> 

Do you want to UNDO, RESTART, RESTORE or QUIT ? 
