########## currentActor ##########

        No warnings or errors detected.


Hero


L
There is a a1, a a2, a a3, a a4 and a a5 here.

> z
... Hero a1 a2 a3 a4 a5

> z
... Hero a1 a2 a3 a4 a5

> z
... Hero a1 a2 a3 a4 a5

> z
... Hero a1 a2 a3 a4 a5

> z
... Hero a1 a2 a3 a4 a5

> z
... Hero a1 a2 a3 a4 a5

> z
... Hero a1 a2 a3 a4 a5

> z
... Hero a1 a2 a3 a4 a5

> z
... Hero a1 a2 a3 a4 a5

> z
... Hero a1 a2 a3 a4 a5

> 

Do you want to UNDO, RESTART, RESTORE or QUIT ? 
