########## alan defaultSyntax1 ##########

        No warnings or errors detected.
        1 informational message(s).

########## arun defaultSyntax1 ##########


L
There is a o here. A is here.

> take a
You can't do that.

> take o
You take the object.

> take l
I can't see any L here.

> 

Do you want to RESTART, RESTORE or QUIT ? 
