########## alan defaultSyntax ##########

        No warnings or errors detected.
        1 informational message(s).

########## arun defaultSyntax ##########


L
There is a object here. Actor is here.

> take actor
You can't do that.

> take object
You take the object.

> 

Do you want to RESTART, RESTORE or QUIT ? 
