########## defattr ##########
../compiler/alan defattr
########## /bin/sh  defattr.tst ##########


defattr.alan

    5.    boolean_attr.
=====>    1

  *1*   332 E : Type of location attribute must match default attribute.

    9.      boolean_attr 3.
=====>      1

  *1*   332 E : Type of local attribute must match default attribute.


        2 error(s).
        No detected warnings.
        3 informational message(s).

