########## alan defaultParameter ##########

        No warnings or errors detected.
        1 informational message(s).

########## arun defaultParameter ##########


L
There is a o here. A is here.

> x o
There is a o here.

> x a
You can't do that.

> 

Do you want to RESTART, RESTORE or QUIT ? 
