########## defattr ##########
alan defattr
arun defattr < defattr.input
########## /bin/sh  defattr.tst ##########


defattr.alan

   6.       boolean_attr 3.
====>       1

  *1*   332 E : Type of local attribute must match default attribute.


        1 error(s).
        No detected warnings.
        2 informational message(s).

defattr.tst: defattr.input: No such file or directory
