########## default_strings ##########
alan default_strings.alan
arun default_strings < default_strings.input
########## /bin/sh  default_strings.tst ##########

        No warnings or errors detected.
        3 informational message(s).

lstr lstr Hej hopp i lingonskogen.


L3.

> 

Do you want to restart (y) ? 
