########## alan defaultSyntax ##########

        No warnings or errors detected.
        1 informational message(s).

########## arun defaultSyntax ##########


L
There is a o here. A is here.

> take a
You can't do that.

> take o
You take the object.

> 

Do you want to RESTART, RESTORE or QUIT ? 
