########## dollar ##########
../compiler/alan dollar
../interpreter/arun -n dollar < dollar.input
########## /bin/sh  dollar.tst ##########

        No warnings or errors detected.
        2 informational message(s).


OOH! There is a hand written remark in the margin here, it says 'HejHo'.


L

> 

Do you want to RESTART, RESTORE or QUIT ? 
