########## dwarf ##########
alan dwarf
arun dwarf < dwarf.input
########## /bin/sh  dwarf.tst ##########

        No warnings or errors detected.
        1 informational message(s).

Kill the dwarf!


Place.
There is a stone here. Dwarf is here.

> kill dwarf
You killed him!

> kill stone
It is already dead.

> 

Do you want to RESTART, RESTORE or QUIT ? 
