########## eq ##########
alan eq
arun eq < eq.input
########## /bin/sh  eq.tst ##########

        No warnings or errors detected.
        4 informational message(s).

Different.


L.
There is a a and a b here.

> eq a b
Different.

> eq a a
Same.

> eq b b
Same.

> 

Do you want to RESTART, RESTORE or QUIT ? 
