########## event ##########
../compiler/alan event
../interpreter/arun -n event < event.input
########## /bin/sh  event.tst ##########

        No warnings or errors detected.
        1 informational message(s).

Schedule e1 after 2. 'c' to cancel it.


L

> look
L

> look
L
E1 running. Schedule e1 after 2.

> look
L

> c

> look
L

> look
L

> look
L

> 

Do you want to RESTART, RESTORE or QUIT ? 
