########## events ##########
alan events
arun events < events.input
########## /bin/sh  events.tst ##########

        No warnings or errors detected.
        1 informational message(s).



Loc.

> z
Happens every turn.

> z
Happens every 2. Happens every turn.

> z
Happens every turn.

> z
Happens every 2. Happens every turn.

> z
Happens every turn.

> z
Happens every 2. Happens every turn.

> z
Happens every turn.

> z

Do you want to RESTART, RESTORE or QUIT ? 
