########## gorfoguru ##########
alan gorfoguru
arun gorfoguru < gorfoguru.input
########## /bin/sh  gorfoguru.tst ##########


gorfoguru.alan

   2.      v_what_is = what is (OBJ).
====>                       1

  *1*   102 E : 'IS' deleted.


        1 error(s).
        No detected warnings.
        2 informational message(s).

gorfoguru.tst: gorfoguru.input: No such file or directory
