########## alan goto ##########

        No warnings or errors detected.

########## arun goto ##########


Inside
This is inside.

> w
Outside
This is outside.

> go to inside
Inside
This is inside.

> go to outside
Outside
This is outside.

> e
Inside
This is inside.

> go to inside
Inside
This is inside.

> 

Do you want to RESTART, RESTORE or QUIT ? 
