########## hero ##########
../compiler/alan hero
../interpreter/arun -n hero < hero.input
########## /bin/sh  hero.tst ##########

        No warnings or errors detected.
        1 informational message(s).

Try to examine yourself.


Kitchen.
There is a nail here.

> examine me
You are fit for fight.

> 

Do you want to RESTART, RESTORE or QUIT ? 
