########## inventory ##########
alan inventory
arun inventory < inventory.input
########## /bin/sh  inventory.tst ##########

        No warnings or errors detected.
        5 informational message(s).



Loc.
There is a o1, a o2, a o3 and a o4 here.

> Taken.

> Taken.

> Taken.

> You can't pick up anything more.

> Dropped.

> You are carrying o2 and a o3.

> Taken.

> You already have the o2.

> You already have the o3.

> You can't pick up anything more.

> 

Do you want to restart (y) ? 
