########## isochars ##########

        No warnings or errors detected.
        1 informational message(s).



Place
There is a ö, a Ä and a ñ here.

> x å
'å'? I don't know that word.

> x Å
'Å'? I don't know that word.

> x ö
You x the ö

> x Ö
You x the ö

> x ñ
You x the ñ

> x Ñ
You x the ñ

> 

Do you want to RESTART, RESTORE or QUIT ? 
