########## jukka ##########
alan jukka.alan
arun jukka < jukka.input
########## /bin/sh  jukka.tst ##########


jukka.alan

  66.   	NAME 'A mirror image of the world."
====>   	     1

  *1*   152 E : Unterminated quoted identifier.


        1 error(s).
        No detected warnings.
        2 informational message(s).

jukka.tst: jukka.input: No such file or directory
