########## lines ##########
alan lines
arun lines < lines.input
########## /bin/sh  lines.tst ##########

        No warnings or errors detected.



            ************************ 

            ************************


Nowhere.
You are nowhere.

> quit

Do you want to RESTART, RESTORE or QUIT ? 
