########## alan locationVerb ##########

        No warnings or errors detected.
        1 informational message(s).

########## arun locationVerb ##########

Throw the ball. Then go east to l2 and throw it there.


> throw the ball
You can not throw anything in here.

> e

> throw the ball
You throw the ball.

> 

Do you want to RESTART, RESTORE or QUIT ? 
