########## mbo2 ##########
alan mbo2
arun mbo2 < mbo2.input
########## /bin/sh  mbo2.tst ##########

        No warnings or errors detected.



Northern part of island.

    This is northern part of the island. A sandy beach leads to west and
east from here.

> east
Northern part of island.

    This is northern part of the island. A sandy beach leads to west and
east from here.

> quit

Do you want to restart (y) ? 
