########## mbo3 ##########
../compiler/alan mbo3
../interpreter/arun -n mbo3 < mbo3.input
########## /bin/sh  mbo3.tst ##########

        No warnings or errors detected.


Test location.
This is just a test location. You see a mysterious test object here.

> quit

Do you want to RESTART, RESTORE or QUIT ? 
