########## MultipleVerb ##########
../compiler/alan MultipleVerb
########## /bin/sh  MultipleVerb.tst ##########


MultipleVerb.alan

   2.     Verb n, e, n
====>                1

  *1*   204 E : Multiple usage of 'n' in this VERB definition.

   5.     Verb s, e
====>             1

  *1*   205 E : Multiple definition of verb 'e'.


        2 error(s).
        No detected warnings.
        1 informational message(s).

