########## noboolopt ##########
../compiler/alan noboolopt
file noboolopt.dat
../compiler/alan -pack noboolopt
file noboolopt.dat
########## /bin/sh  noboolopt.tst ##########

        No warnings or errors detected.
        1 informational message(s).

noboolopt.dat: ASCII English text, with very long lines, with no line terminators

        No warnings or errors detected.
        1 informational message(s).

noboolopt.dat: data
