########## NotLocation ##########
../compiler/alan NotLocation
########## /bin/sh  NotLocation.tst ##########


NotLocation.alan

   2.     Exit w To hall.
====>     1

  *1*   223 E : 'hall' does not inherit the 'location' class.

   5.   Start At hall.
====>            1

  *1*   223 E : 'hall' does not inherit the 'location' class.


        2 error(s).
        No detected warnings.
        1 informational message(s).

