########## oil ##########
../compiler/alan oil
../interpreter/arun -n oil < oil.input
########## /bin/sh  oil.tst ##########

        No warnings or errors detected.
        1 informational message(s).


'Oil using oil'!


L.
There is oil and water here.

> oil using oil
Oiled.

> 

Do you want to RESTART, RESTORE or QUIT ? 
