########## alan parameterVerbExecution ##########

        No warnings or errors detected.

########## arun parameterVerbExecution ##########


L
There is a first and a second here.

> x first second
This is in first.

> x second first
This is in second.

> 

Do you want to RESTART, RESTORE or QUIT ? 
