########## alan pureContainer ##########


pureContainer.alan

    5.  The spring In air
=====>  1

  *1*   422 W : This instance does not inherit from anything, nor does it have
                a container property. This makes its use dubious.


        No detected errors.
        1 warning(s).

########## arun pureContainer ##########

Spring is in the air.


L

> 

Do you want to RESTART, RESTORE or QUIT ? 
