########## random ##########
alan -debug random
arun -d random < random.input
########## /bin/sh  random.tst ##########

        No warnings or errors detected.
        1 informational message(s).

<Arun, Adventure Interpreter version 2.5(2)>
<Version of 'random' is 2.5(2)>
'r' to generate a random number.


L.

ABUG> 

> 6

> 7

> 6

> 5

> 4

> 9

> 10

> 3

> 4

> 1

> 

Do you want to restart (y) ? 
