########## random ##########
alan -debug random
arun -d random < random.input
########## /bin/sh  random.tst ##########

        No warnings or errors detected.
        1 informational message(s).

'r' to generate a random number.


L.

ABUG> x


> r
1

> r
9

> r
9

> r
8

> r
9

> r
8

> r
6

> r
2

> r
3

> r
1

> 

Do you want to RESTART, RESTORE or QUIT ? 
