########## recursive_describe ##########
alan recursive_describe
arun recursive_describe < recursive_describe.input
########## /bin/sh  recursive_describe.tst ##########

        No warnings or errors detected.
        1 informational message(s).


L.


As you enter the twilight zone of Adventures, you stumble and fall to
your knees. In front of you, you can vaguely see the outlines of an
Adventure that never was.

SYSTEM ERROR: Recursive DESCRIBE. 


