########## redefatr ##########
alan redefatr
arun redefatr < redefatr.input
########## /bin/sh  redefatr.tst ##########

        No warnings or errors detected.
        1 informational message(s).


The redefined attributes are as follows:

attr of L = 1 
attr of o = 2 
attr of hero = 3 The global attributes are as follows:

global of L = 42 
global of o = 42 
global of hero = 42


L.
There is a o here.

> 

Do you want to RESTART, RESTORE or QUIT ? 
