########## restriction0 ##########
Syntax x = x (y).

The o Isa object At l.
End The o.

Verb x
  Does
    "x the y."
End Verb x.

The l Isa location.
End The l.

Start At l.
########## alan restriction0.alan ##########

        No warnings or errors detected.



L
There is a o here.

> x the o
x the y.

> 

Do you want to RESTART, RESTORE or QUIT ? 
