########## robertfoo ##########
alan robertfoo
arun robertfoo < robertfoo.input
########## /bin/sh  robertfoo.tst ##########

        No warnings or errors detected.
        1 informational message(s).


James Farty.
Intro 1. Mission. Description. Character Selection. Choices a, b, c.

> Case 1a.
Case 1a with choice z. mtest <2 

Case 1b.
case 1b with choice a

> You can't go that way.

> You can't go that way.

> 

Do you want to restart (y) ? 
