########## sayParameter2 ##########

        No warnings or errors detected.



L

> x the thing
I don't know which thing you mean.

> x the shiny thing, w
I don't know which shiny thing you mean.

> w
L

> x the shiny long sharp thing, e
I don't know which shiny long sharp thing you mean.

> 

Do you want to UNDO, RESTART, RESTORE or QUIT ? 
