########## setSet ##########

        No warnings or errors detected.


LocationSet should = 1, actual = 1 .

locationSet should = 0, actual = 0 .

locationSet should = 1, actual = 1 .

l1 should be "l1".

locationSet should = 2, actual = 2 .

l1 l2 Should be "l1 & l2".



L1

> 

Do you want to UNDO, RESTART, RESTORE or QUIT ? 
