########## alan simpleExits ##########

        No warnings or errors detected.

########## arun simpleExits ##########


Room
This is a room.

> e
Other_room

> e
Other_room

> w
Room
This is a room.

> w
Room
This is a room.

> w
Room
This is a room.

> e
Other_room

> 

Do you want to RESTART, RESTORE or QUIT ? 
