########## alan simpleCount ##########


simpleCount.alan

   14.  End The o1.
=====>          1

  *1*   201 W : Mismatched block identifier, 'a1' assumed.


        No detected errors.
        1 warning(s).

########## arun simpleCount ##########

Count At l = 3


L
There is a o1, a o2 and a o3 here. A1 is here. A2 is here.

> 

Do you want to RESTART, RESTORE or QUIT ? 
