########## alan stopActor ##########

        No warnings or errors detected.
        1 informational message(s).

########## arun stopActor ##########


L
Bartender is here.

> z
Z... The bartender is tending the bar.

> z
Z... The bartender is tending the bar.

> z
Z... The bartender is tending the bar.

> z
Z...

> z
Z...

> z
Z...

> 

Do you want to RESTART, RESTORE or QUIT ? 
