########## svenska ##########
../compiler/alan svenska
../interpreter/arun.exe -n svenska < svenska.input
########## /bin/sh  svenska.tst ##########

        No warnings or errors detected.
        1 informational message(s).



L.
ÄÅÖäåö[]\{}|

> Ö
Ö - O diaresis

> ö
Ö - O diaresis

> Ä
Ä - A diaresis

> ä
Ä - A diaresis

> Å
Å - A ring

> å

Vad vill du göra, RESTART, RESTORE or QUIT ? 
