########## syntax2 ##########
alan syntax2
arun syntax2 < syntax2.input
########## /bin/sh  syntax2.tst ##########

        No warnings or errors detected.
        1 informational message(s).



L.
There is a o here. A is here.

> You can only take objects !

> Taken.

> 

Do you want to restart (y) ? 
