########## system ##########
../compiler/alan system
../interpreter/arun -n system < system.input
########## /bin/sh  system.tst ##########

        No warnings or errors detected.
        2 informational message(s).



L1
echoing l1

> s
L2
echoing l2

> n
L1
echoing l1

> 

Do you want to RESTART, RESTORE or QUIT ? 
