########## alan thisInArticle ##########

        No warnings or errors detected.

########## arun thisInArticle ##########

'This is the indefinite article. THIS = o' o 'This is the inherited
definite article. THIS = o' o


L
There is 'This is the indefinite article. THIS = o' o here.

> 

Do you want to RESTART, RESTORE or QUIT ? 
