########## time125 ##########
../convert/c25to26 time125 time126
../convert/c26to27 time126 time127
arun time127 < time125.input
rm time12[67].acd time12[67].dat
########## /bin/sh  time125.tst ##########


As you enter the twilight zone of Adventures, you stumble and fall
to your knees. In front of you, you can vaguely see the outlines of
an Adventure that never was.

SYSTEM ERROR: Incompatible version of ACODE program. 



