########## alan traversingInheritedLocations2 ##########

        No warnings or errors detected.

########## arun traversingInheritedLocations2 ##########


Inheritedroom

> n
Otherroom

> n
You can't go that way.

> s
Inheritedroom

> s
You can't go that way.

> n
Otherroom

> s
Inheritedroom

> n
Otherroom

> s
Inheritedroom

> w
'w'? I don't know that word.

> s
You can't go that way.

> n
Otherroom

> 

Do you want to RESTART, RESTORE or QUIT ? 
