########## useReferenceAttribute ##########

        No warnings or errors detected.
        1 informational message(s).



School
There is a teacher here. The janitor is working.

> l
School
There is a teacher here. The janitor is working. Janitor Work.

> l
School
There is a teacher here. The janitor is working. Janitor Work. Teacher 
Work.

> l
School
There is a janitor here. The teacher is working. Teacher Work.

> 

Do you want to UNDO, RESTART, RESTORE or QUIT ? 
