########## verb0 ##########
The kitchen Isa location.
End The kitchen.

Syntax
	'look'= 'look'.

Verb 'look'
Does
  Look.
End Verb.

Syntax
	'quit'= 'quit'.

Verb 'quit'
Does
  Quit.
End Verb.

Start At kitchen.
########## alan verb0.alan ##########

        No warnings or errors detected.



Kitchen

> look
Kitchen

> quit

Do you want to RESTART, RESTORE or QUIT ? 
