########## verb ##########
../compiler/alan verb
../interpreter/arun -n verb < verb.input
########## /bin/sh  verb.tst ##########

        No warnings or errors detected.
        2 informational message(s).


v the o...


L.
There is a o here.

> v the o
You v the o.

> 

Do you want to RESTART, RESTORE or QUIT ? 
