########## visits ##########
alan visits
arun visits < visits.input
########## /bin/sh  visits.tst ##########

        No warnings or errors detected.



Same.
This is the same Location.

> Same (again).

> Same (again).

> Same (again).

> Same.
This is the same Location.

> Same (again).

> Same (again).

> 

Do you want to restart (y) ? 
