########## visits ##########
../compiler/alan visits
../interpreter/arun -n visits < visits.input
########## /bin/sh  visits.tst ##########

        No warnings or errors detected.



Same.
This is the same Location.

> w
Same (again)

> w
Same (again)

> w
Same (again)

> w
Same.
This is the same Location.

> w
Same (again)

> w
Same (again)

> 

Do you want to RESTART, RESTORE or QUIT ? 
