########## wall ##########
alan wall
arun wall < wall.input
########## /bin/sh  wall.tst ##########

        No warnings or errors detected.
        1 informational message(s).



Loc1.
e to loc2. There is a wall here.

> There is a wall here.

> Loc2.
w to loc1.

> I can't see any wall here.

> Loc1.
e to loc2. There is a wall here.

> There is a wall here.

> 

Do you want to restart (y) ? 
