########## zigzag ##########
../compiler/alan zigzag
../interpreter/arun -n zigzag < zigzag.input
########## /bin/sh  zigzag.tst ##########


zigzag.alan

    3.  	zig_zag = 'zig zag'.
=====>  	1

  *1*   207 W : VERB 'zig_zag' is not defined.


        No detected errors.
        1 warning(s).
        3 informational message(s).



Inside
You are now on the inside

> zig zag
'zig'? I don't know that word.

> 

Do you want to RESTART, RESTORE or QUIT ? 
