########## alan attack ##########

        No warnings or errors detected.

########## arun attack ##########


P
There is a obj here. Act is here.

> shoot obj
You need to specify what you want to shoot the obj with.

> shoot act
You need to specify what you want to shoot act with.

> 

Do you want to RESTART, RESTORE or QUIT ? 
