########## alan eat ##########

        No warnings or errors detected.

########## arun eat ##########


P

> drink apple
That is not drinkable.

> drink applesauce
That is not drinkable.

> eat apple
You eat the apple.

> eat applesauce
You eat some applesauce.

> 

Do you want to RESTART, RESTORE or QUIT ? 
