########## open ##########

        No warnings or errors detected.



P
There is a o here.

> open o
The o is now open.

> open hero
You can't open that.

> open o with k
You can't open the o with the k.

> open o with me
You can't open anything with that.

> open k with o
You don't have the o.

> close o
You can't close that.

> close me
You can only close objects.

> close k with o
You don't have the o.

> close k with me
You can't close anything with that.

> close k with k
You can't close the k.

> close o with k
You can't close the o with the k.

> 

Do you want to UNDO, RESTART, RESTORE or QUIT ? 
