########## ifid ##########

        No warnings or errors detected.

Arun - Adventure Language Interpreter version 3.0beta6 (2019-05-07 22:53:10)

'ifid' contains the following IFIDs:
  IFID: UUID://3cffff77-7b77-ff64-4462-61ff2c3b08fffffffa//



L

>

Do you want to UNDO, RESTART, RESTORE or QUIT ?
