########## ifid ##########

        No warnings or errors detected.

Arun - Adventure Language Interpreter version 3.0beta8 (2021-02-01 07:59:55)
Version of 'ifid.a3c' is 3.0beta8!
'ifid' contains the following IFIDs:
  IFID:	UUID://4702ce64-e314-23fd-8df6-206292909a5d//



L

> 

Do you want to UNDO, RESTART, RESTORE or QUIT ? 
