########## summary ##########

        No warnings or errors detected.


        Summary
        -------
        Verbs <number>
        Classes <number>
        Instances <number>
        Words <number>
        Acode <number> words (2968 bytes)
        Text data <number> bytes

        Timing
        ------
        Parse Time <number>
        ------------------------------
        Compilation Time <number>

        Total Time <number>

        4 source lines read.

        Estimated dynamic memory usage  <number> bytes.
        Calculated       - "" -         <number> bytes.

