########## verbose ##########

	Parsing: <number>
	Analyzing: <number>
	Syntax definitions: <number>
	Verbs: <number>
	Classes: <number>
	Instances: <number>
	Events: <number>
	Rules: <number>
	Synonyms: <number>
	Message: <number>
	Generating: <number>
	Dictionary: <number>
	SyntaxTable: <number>
	Parameter Mapping: <number>
	Verbs: <number>
	Classes: <number>
	Instances: <number>
	Containers: <number>
	Scripts: <number>
	Events: <number>
	Rules: <number>
	Messages: <number>
	Character Encoding: <number>

        No warnings or errors detected.

